#-----------------------------------------------------------
# Vivado v2018.1 (64-bit)
# SW Build 2188600 on Wed Apr  4 18:40:38 MDT 2018
# IP Build 2185939 on Wed Apr  4 20:55:05 MDT 2018
# Start of session at: Wed May 17 16:01:56 2023
# Process ID: 9088
# Current directory: C:/Users/zgnhz/Desktop/graduatedesign/third_version
# Command line: vivado.exe -gui_launcher_event rodinguilauncherevent13544 C:\Users\zgnhz\Desktop\graduatedesign\third_version\third_version.xpr
# Log file: C:/Users/zgnhz/Desktop/graduatedesign/third_version/vivado.log
# Journal file: C:/Users/zgnhz/Desktop/graduatedesign/third_version\vivado.jou
#-----------------------------------------------------------
start_gui
open_project C:/Users/zgnhz/Desktop/graduatedesign/third_version/third_version.xpr
open_hw
connect_hw_server
open_hw_target
set_property PROGRAM.FILE {C:/Users/zgnhz/Desktop/graduatedesign/third_version/third_version.runs/impl_1/design_1_wrapper.bit} [get_hw_devices xc7z020_1]
current_hw_device [get_hw_devices xc7z020_1]
refresh_hw_device -update_hw_probes false [lindex [get_hw_devices xc7z020_1] 0]
update_compile_order -fileset sources_1
set_property PROBES.FILE {} [get_hw_devices xc7z020_1]
set_property FULL_PROBES.FILE {} [get_hw_devices xc7z020_1]
set_property PROGRAM.FILE {C:/Users/zgnhz/Desktop/graduatedesign/third_version/third_version.runs/impl_1/design_1_wrapper.bit} [get_hw_devices xc7z020_1]
program_hw_devices [get_hw_devices xc7z020_1]
refresh_hw_device [lindex [get_hw_devices xc7z020_1] 0]
