#-----------------------------------------------------------
# Vivado v2018.1 (64-bit)
# SW Build 2188600 on Wed Apr  4 18:40:38 MDT 2018
# IP Build 2185939 on Wed Apr  4 20:55:05 MDT 2018
# Start of session at: Tue May 16 13:46:27 2023
# Process ID: 2872
# Current directory: C:/Users/zgnhz/Desktop/graduatedesign/third_version/third_version.tmp/dds_v1_0_project
# Command line: vivado.exe -gui_launcher_event rodinguilauncherevent17860 C:\Users\zgnhz\Desktop\graduatedesign\third_version\third_version.tmp\dds_v1_0_project\DDS_v1_0_project.xpr
# Log file: C:/Users/zgnhz/Desktop/graduatedesign/third_version/third_version.tmp/dds_v1_0_project/vivado.log
# Journal file: C:/Users/zgnhz/Desktop/graduatedesign/third_version/third_version.tmp/dds_v1_0_project\vivado.jou
#-----------------------------------------------------------
start_gui
open_project C:/Users/zgnhz/Desktop/graduatedesign/third_version/third_version.tmp/dds_v1_0_project/DDS_v1_0_project.xpr
update_compile_order -fileset sources_1
